// Jest Snapshot v1, https://goo.gl/fbAQLP

exports[`LandingScreenHeader creates landingg screen top bar 1`] = `
<DocumentFragment>
  <nav
    class="mt-sm-4 navbar navbar-expand-lg navbar-light bg-light"
  >
    <span
      class="navbar-brand"
    >
      Best Tutors
    </span>
    <button
      aria-controls="basic-navbar-nav"
      aria-label="Toggle navigation"
      class="navbar-toggler collapsed"
      type="button"
    >
      <span
        class="navbar-toggler-icon"
      />
    </button>
    <div
      class="navbar-collapse collapse"
      id="basic-navbar-nav"
    >
      <div
        class="mr-auto navbar-nav"
      >
        <a
          class="nav-link"
          href="#"
          role="button"
        >
          Home
        </a>
        <a
          class="nav-link"
          href="#"
          role="button"
        >
          About
        </a>
        <a
          class="nav-link"
          href="#"
          role="button"
        >
          Courses
        </a>
        <a
          class="nav-link"
          href="#"
          role="button"
        >
          Tutors
        </a>
      </div>
      <div
        class="navbar-nav"
      >
        <a
          class="nav-link"
          href="#"
          role="button"
        >
          Become and Instructor
        </a>
        <button
          class="mr-lg-3 mb-lg-0 mb-sm-3 btn btn-outline-primary"
          type="button"
        >
          Login
        </button>
        <button
          class="btn btn-primary"
          type="button"
        >
          SignUp
        </button>
      </div>
    </div>
  </nav>
</DocumentFragment>
`;
