// Jest Snapshot v1, https://goo.gl/fbAQLP

exports[`Pages:SecondPage renders a second example page 1`] = `
<DocumentFragment>
  <div
    class="jsx-3583494339 text-center"
  >
    <main
      class="jsx-3583494339"
    >
      <p
        class="jsx-3583494339"
      >
        This is another page at a different URL.
      </p>
      <p
        class="jsx-3583494339"
      >
        Return to theÂ 
        <a
          href="/"
        >
          homepage
        </a>
      </p>
    </main>
  </div>
</DocumentFragment>
`;
