// Jest Snapshot v1, https://goo.gl/fbAQLP

exports[`Pages:Login renders the Login page 1`] = `
<DocumentFragment>
  <p>
    Boilerplate content for Login
  </p>
  <p>
    Try navigating to
    <a
      href="/"
    >
      the homepage
    </a>
    and observe the URL changing
  </p>
</DocumentFragment>
`;
